1998
Michael
Emily
1
Jacob
Hannah
2
Matthew
Samantha
3
Joshua
Ashley
4
Christopher
Sarah
5
Nicholas
Alexis
6
Brandon
Taylor
7
Tyler
Jessica
8
Andrew
Madison
9
Austin
Elizabeth
10
Joseph
Alyssa
11
Daniel
Kayla
12
David
Megan
13
William
Lauren
14
John
Rachel
15
Zachary
Victoria
16
Ryan
Brianna
17
James
Abigail
18
Anthony
Amanda
19
Justin
Jennifer
20
Jonathan
Olivia
21
Alexander
Emma
22
Robert
Morgan
23
Kyle
Nicole
24
Dylan
Brittany
25
Christian
Jasmine
26
Jordan
Alexandra
27
Samuel
Sydney
28
Noah
Stephanie
29
Benjamin
Rebecca
30
Thomas
Anna
31
Kevin
Julia
32
Jose
Katherine
33
Nathan
Destiny
34
Cameron
Haley
35
Hunter
Kaitlyn
36
Aaron
Amber
37
Ethan
Allison
38
Eric
Courtney
39
Jason
Natalie
40
Brian
Danielle
41
Caleb
Jordan
42
Cody
Maria
43
Logan
Savannah
44
Adam
Mary
45
Steven
Brooke
46
Connor
Gabrielle
47
Charles
Sara
48
Timothy
Shelby
49
Sean
Madeline
50
Jared
Sierra
51
Juan
Vanessa
52
Luis
Grace
53
Gabriel
Kimberly
54
Richard
Michelle
55
Alex
Kelsey
56
Patrick
Erin
57
Trevor
Katelyn
58
Isaiah
Melissa
59
Nathaniel
Bailey
60
Jack
Andrea
61
Devin
Mariah
62
Evan
Paige
63
Mark
Mackenzie
64
Isaac
Jenna
65
Elijah
Marissa
66
Chase
Tiffany
67
Jeremy
Sabrina
68
Carlos
Christina
69
Jesse
Hailey
70
Adrian
Makayla
71
Dakota
Cheyenne
72
Ian
Sophia
73
Bryan
Caroline
74
Luke
Laura
75
Jesus
Breanna
76
Cole
Autumn
77
Stephen
Caitlin
78
Antonio
Briana
79
Garrett
Miranda
80
Angel
Alexandria
81
Tanner
Mikayla
82
Mason
Diana
83
Spencer
Isabella
84
Blake
Cassandra
85
Kenneth
Kaylee
86
Seth
Chloe
87
Dalton
Katie
88
Paul
Kelly
89
Miguel
Kathryn
90
Jeffrey
Claire
91
Tristan
Alexa
92
Lucas
Erica
93
Bryce
Chelsea
94
Alejandro
Jacqueline
95
Marcus
Amy
96
Victor
Lindsey
97
Travis
Alicia
98
Brendan
Heather
99
Jackson
Angela
100
Bradley
Kristen
101
Jake
Catherine
102
Mitchell
Michaela
103
Taylor
Shannon
104
Colton
Monica
105
Edward
Faith
106
Jorge
Leah
107
Dustin
Molly
108
Gregory
Angelica
109
Derek
Crystal
110
Peter
Leslie
111
Alec
Jamie
112
Shawn
Cassidy
113
Jeremiah
Margaret
114
Corey
Caitlyn
115
Gavin
Gabriella
116
Shane
Kylie
117
Joel
Isabel
118
Devon
Jada
119
Dominic
Kaitlin
120
Vincent
Meghan
121
Colin
Zoe
122
Scott
Maya
123
Julian
Erika
124
Ricardo
Jade
125
George
Cynthia
126
Grant
Veronica
127
Riley
Jocelyn
128
Oscar
Gabriela
129
Collin
Mia
130
Xavier
Summer
131
Nicolas
Bethany
132
Brett
Adriana
133
Dillon
Esmeralda
134
Maxwell
Melanie
135
Henry
Daisy
136
Wyatt
Ariana
137
Francisco
Angel
138
Malik
Selena
139
Erik
Carly
140
Parker
Ana
141
Raymond
Mckenzie
142
Johnathan
Brittney
143
Cristian
Karina
144
Eduardo
Audrey
145
Omar
Dominique
146
Manuel
Ariel
147
Alexis
Valerie
148
Javier
Brenda
149
Clayton
Casey
150
Mario
Hayley
151
Wesley
Karen
152
Bailey
Lydia
153
Ivan
Kendra
154
Liam
Rebekah
155
Kaleb
Bianca
156
Andres
Alejandra
157
Max
Jillian
158
Levi
Desiree
159
Hayden
Hope
160
Alan
Lindsay
161
Darius
Madelyn
162
Brady
Holly
163
Cory
Diamond
164
Martin
Hanna
165
Fernando
Riley
166
Edgar
Arianna
167
Cesar
Julie
168
Gage
Lily
169
Casey
Rachael
170
Sergio
Kathleen
171
Roberto
Skylar
172
Chandler
Kiara
173
Harrison
Lillian
174
Dawson
Kara
175
Preston
Christine
176
Phillip
Jasmin
177
Frank
Evelyn
178
Owen
Claudia
179
Donald
Patricia
180
Marco
Cierra
181
Ronald
April
182
Trenton
Kennedy
183
Troy
Alexus
184
Hector
Raven
185
Diego
Allyson
186
Chad
Kendall
187
Drew
Alison
188
Carter
Tara
189
Jakob
Adrianna
190
Keith
Naomi
191
Conner
Kristina
192
Andre
Whitney
193
Derrick
Abby
194
Jonathon
Daniela
195
Aidan
Isabelle
196
Edwin
Jordyn
197
Sebastian
Cameron
198
Micah
Kyra
199
Pedro
Brooklyn
200
Dante
Kirsten
201
Landon
Ashlyn
202
Calvin
Alondra
203
Jalen
Mallory
204
Ruben
Natasha
205
Erick
Asia
206
Damian
Jazmin
207
Chance
Nancy
208
Donovan
Karla
209
Trey
Katelynn
210
Abraham
Kristin
211
Josiah
Mckenna
212
Emmanuel
Marisa
213
Philip
Dana
214
Griffin
Tatiana
215
Johnny
Madeleine
216
Gerardo
Amelia
217
Carson
Peyton
218
Jonah
Jazmine
219
Colby
Delaney
220
Peyton
Serena
221
Mathew
Aaliyah
222
Andy
Guadalupe
223
Armando
Mercedes
224
Giovanni
Tessa
225
Curtis
Kiana
226
Douglas
Payton
227
Jerry
Sandra
228
Rafael
Alexia
229
Skyler
Lisa
230
Trent
Nina
231
Raul
Sofia
232
Nolan
Tori
233
Gary
Kylee
234
Zackary
Katrina
235
Marcos
Cindy
236
Enrique
Bridget
237
Dennis
Mya
238
Allen
Joanna
239
Jaime
Priscilla
240
Zachery
Savanna
241
Marc
Giselle
242
Israel
Aubrey
243
Randy
Deja
244
Brenden
Deanna
245
Avery
Avery
246
Alberto
Dakota
247
Larry
Kassandra
248
Brent
Maggie
249
Braden
Alissa
250
Julio
Ciara
251
Louis
Celeste
252
Miles
Imani
253
Cooper
Alana
254
Tony
Sophie
255
Josue
Brandi
256
Leonardo
Ruby
257
Nickolas
Monique
258
Albert
Julianna
259
Carl
Genesis
260
Elias
Yesenia
261
Ty
Katlyn
262
Kobe
Meagan
263
Dominick
Kyla
264
Jimmy
Anastasia
265
Kristopher
Gianna
266
Kameron
Ashlee
267
Zane
Angelina
268
Drake
Makenzie
269
Danny
Natalia
270
Micheal
Sidney
271
Damon
Kate
272
Quentin
Elena
273
Brennan
Anne
274
Jarod
Kira
275
Tristen
Sadie
276
Lawrence
Carmen
277
Ashton
Rosa
278
Brock
Kailey
279
Darren
Meredith
280
Ramon
Tabitha
281
Jarrett
Krystal
282
Brayden
Camille
283
Nikolas
Brandy
284
Dallas
Cecilia
285
Joe
Shania
286
Deandre
Brenna
287
Eli
Ashleigh
288
Theodore
Juliana
289
Arthur
Valeria
290
Arturo
Tiana
291
Ricky
Logan
292
Jeffery
Bryanna
293
Lane
Elise
294
Lorenzo
Mikaela
295
Alfredo
Skyler
296
Morgan
Rose
297
Tommy
Gina
298
Russell
Carolina
299
Damien
Callie
300
Simon
Kasey
301
Angelo
Clarissa
302
Terry
Denise
303
Myles
Hunter
304
Keegan
Charlotte
305
Tucker
Shayla
306
Saul
Destinee
307
Payton
Teresa
308
Branden
Cassie
309
Pablo
Miriam
310
Gustavo
Tatyana
311
Bryant
Allie
312
Walter
Linda
313
Kyler
Tia
314
Craig
Cristina
315
Lance
Baylee
316
Fabian
Krista
317
Brendon
Ashton
318
Rodney
Nadia
319
Terrell
Tyra
320
Bryson
Lacey
321
Corbin
Marina
322
Braxton
Esther
323
Bobby
Annie
324
Marvin
Raquel
325
Jay
Vivian
326
Maurice
Carolyn
327
Jaden
Tiara
328
Jon
Cheyanne
329
Quinn
Gillian
330
Salvador
Nia
331
Billy
Julissa
332
Conor
Reagan
333
Kody
Gloria
334
Cade
Aliyah
335
Ernesto
Tamara
336
Quinton
Macy
337
Roman
Renee
338
Eddie
Wendy
339
Emilio
Mariana
340
Ross
Alisha
341
Justice
Heidi
342
Johnathon
Liliana
343
Trevon
Colleen
344
Zackery
Eva
345
Dean
Ruth
346
Roger
Josephine
347
Isiah
Chelsey
348
Jaylen
Helen
349
Brody
Ava
350
Ismael
Kelsie
351
Desmond
Harley
352
Marshall
Emilee
353
Willie
Paola
354
Reginald
Kaitlynn
355
Oliver
Tyler
356
Marquis
Cara
357
Skylar
Haylee
358
Grayson
Heaven
359
Jayson
Josie
360
Frederick
Mayra
361
Esteban
Virginia
362
Keaton
Kayleigh
363
Emanuel
Marie
364
Todd
Theresa
365
Malcolm
Camryn
366
Kelvin
Kassidy
367
Kendall
Jenny
368
Guillermo
Mckayla
369
Shaun
Jacquelyn
370
Moises
Janet
371
Jamal
Francesca
372
Zachariah
Kierra
373
Terrance
Martha
374
Davis
Clara
375
Gerald
Justine
376
Demetrius
Felicia
377
Abel
Tamia
378
Jace
Jessie
379
Triston
Precious
380
Tyson
Elisabeth
381
Randall
Susan
382
Bruce
Ivy
383
Roy
Rylee
384
Jessie
Marisol
385
Duncan
Eleanor
386
Darian
Jayla
387
Felix
Pamela
388
Franklin
Carley
389
Steve
Melody
390
Orlando
Jaclyn
391
Lukas
Lucy
392
Ali
Talia
393
Clay
Lesley
394
Jayden
Daniella
395
Jarrod
Larissa
396
Rene
Tatum
397
Tyrone
Sharon
398
Khalil
Alaina
399
Nelson
Carissa
400
Ahmad
Kali
401
Lee
Madalyn
402
Jamie
Addison
403
Kristian
Noelle
404
Tyree
Kaylie
405
Chris
Carla
406
Graham
Lexi
407
Nathanael
Abbey
408
Devan
Alyson
409
Francis
Julianne
410
Rodolfo
Janelle
411
Weston
Yasmine
412
Malachi
Ella
413
Jerome
Bailee
414
Hugo
Jane
415
Holden
Ally
416
Kendrick
Toni
417
Melvin
Sonia
418
Cedric
Lizbeth
419
Javon
Carrie
420
Tristin
Lauryn
421
Byron
Makenna
422
Reid
Kaleigh
423
Warren
Tayler
424
Jaquan
Tierra
425
Jarred
Ellen
426
Walker
Nichole
427
Deshawn
Karissa
428
Jordon
Georgia
429
Jermaine
Haleigh
430
Harley
Regan
431
Darrell
Ebony
432
Kaden
Sasha
433
Leo
Arielle
434
Damion
Justice
435
Ronnie
Taryn
436
Trace
Ellie
437
Wayne
Yasmin
438
Reed
Alice
439
Devonte
Adrienne
440
Maximilian
Kaylin
441
Amir
Joy
442
Marquise
Kiera
443
Tariq
Nathalie
444
Alvin
Lorena
445
Rodrigo
Tania
446
Santiago
Ayanna
447
Wade
Ashlynn
448
Tyrell
Eliza
449
Beau
Simone
450
Gilberto
Britney
451
Allan
Kelli
452
Ezekiel
Iris
453
Charlie
Chasity
454
Felipe
Paris
455
Noel
Celine
456
Tomas
Essence
457
Keenan
Kiersten
458
Terrence
Breana
459
Sam
Maddison
460
Camron
Devin
461
Eugene
Micaela
462
Neil
Barbara
463
Caden
Kaila
464
Alfonso
Rhiannon
465
Reece
Deborah
466
Dale
Ann
467
Elliot
Carlie
468
Harry
Angelique
469
Donte
Sylvia
470
Stanley
Frances
471
Mauricio
Annika
472
Leonard
Elisa
473
Noe
Leticia
474
Ariel
Aimee
475
Issac
Nora
476
Garret
Tianna
477
Kenny
Viviana
478
Dominique
Candace
479
Leon
Hallie
480
Davon
Janae
481
Dane
Nikki
482
Karl
Christian
483
Rogelio
Robyn
484
Bennett
Aileen
485
Ernest
Alma
486
Julius
Perla
487
Mohammad
Shayna
488
Jaylon
Hailee
489
Ray
Lesly
490
Deven
Marilyn
491
Ezra
Skye
492
Colten
Irene
493
Marlon
Alina
494
Ramiro
Kacie
495
Glenn
Savanah
496
Rolando
Fatima
497
Blaine
India
498
River
Clare
499
Solomon
Kaley
500
Elliott
Luz
501
Mohamed
Johanna
502
Sawyer
Regina
503
Tylor
Aurora
504
Sterling
Devon
505
Dorian
Brianne
506
Gilbert
Alanna
507
Moses
Ciera
508
Darryl
Laurel
509
Dwayne
Montana
510
Gunnar
Kailee
511
Tate
Robin
512
Mateo
Amari
513
Harold
Shyanne
514
Osvaldo
Anahi
515
Uriel
Jewel
516
Daquan
Stacy
517
Sheldon
Emilie
518
Joey
Lexus
519
Wilson
Fiona
520
Jonas
Kelsi
521
Camden
Cristal
522
Juwan
Elaine
523
Mohammed
Lexie
524
Alonzo
Zaria
525
Rudy
Trinity
526
Brice
Lena
527
Coleman
Ryan
528
Kade
Charity
529
Stefan
Zoey
530
Cordell
Bria
531
Austen
Sienna
532
Adan
Paulina
533
Brennen
Kenya
534
Cullen
Genevieve
535
Sidney
Cora
536
Nigel
Kiley
537
Alfred
Maia
538
Deonte
Antonia
539
Orion
Keely
540
Efrain
Kellie
541
Quintin
Brooklynn
542
Kurt
Darian
543
Nathanial
Jailene
544
Aiden
Moriah
545
Geoffrey
Paula
546
Reese
Ericka
547
Addison
Katharine
548
Kai
Athena
549
Kolby
Judith
550
Sage
Maritza
551
Ronaldo
Carina
552
Antoine
Kamryn
553
Cyrus
Eileen
554
Darnell
Kayley
555
Jaret
Shawna
556
Joaquin
Mollie
557
Dayton
Cayla
558
Lewis
Destiney
559
Gianni
Stacey
560
Leonel
Noemi
561
Ben
Kaylyn
562
Clarence
Mireya
563
Kane
Mariela
564
Ulises
Eden
565
Vicente
Jaime
566
Derick
Donna
567
Alvaro
Alayna
568
Davion
Tina
569
Rashad
Halle
570
Devante
Salma
571
Darien
Tess
572
Dashawn
Marlene
573
Quincy
Graciela
574
Coby
Leanna
575
Humberto
Kourtney
576
Toby
Maribel
577
Will
Madisyn
578
Demarcus
Alisa
579
Isaias
Nicolette
580
Brad
Blanca
581
Dandre
Micah
582
Everett
Meaghan
583
Ralph
Lilly
584
Tevin
Melinda
585
Howard
Emely
586
Stephon
Katelin
587
Jaylin
Chandler
588
Clinton
Mara
589
Ezequiel
Aspen
590
Jaron
Edith
591
Koby
Karlee
592
Tobias
Candice
593
Ahmed
Destini
594
Kareem
Araceli
595
Dillan
Karli
596
Pierce
Angie
597
August
Chyna
598
Jamison
Casandra
599
Stephan
Corinne
600
Earl
Karlie
601
Aron
Tanya
602
Romeo
Abbie
603
Adolfo
Aisha
604
Bret
Juliet
605
Kurtis
Katarina
606
Kolton
Phoebe
607
Rory
Macey
608
Salvatore
Margarita
609
Barry
Reyna
610
Jasper
Sage
611
Tyrese
Abbigail
612
Conrad
Carlee
613
Darion
Christy
614
Deon
Desirae
615
Bernard
Sarai
616
Devyn
Rosemary
617
Dexter
Kathy
618
Forrest
Celia
619
Denzel
Gracie
620
Fredrick
Yvette
621
Kory
Leann
622
Dangelo
Reilly
623
Perry
Thalia
624
Kieran
Isis
625
Mackenzie
Sydnee
626
Roderick
Lyndsey
627
Kasey
Madyson
628
Braydon
Karly
629
Mike
Lucia
630
Markus
Madelynn
631
Stone
Gisselle
632
Darrius
Miracle
633
Agustin
Jazmyn
634
Braeden
Kristine
635
Deangelo
Lea
636
Rhett
Christa
637
Ignacio
Taya
638
Freddy
Lyric
639
Gordon
Sandy
640
Mitchel
Annabelle
641
Irvin
Maranda
642
Travon
Beatriz
643
Leroy
Diane
644
Tre
Nikita
645
Jovan
Cortney
646
Keon
Kacey
647
Rigoberto
Maegan
648
Shannon
Carli
649
Garrison
Chelsie
650
Heath
Elaina
651
Norman
Kailyn
652
Aldo
Malia
653
Moshe
Kianna
654
Clifford
Randi
655
Austyn
Rylie
656
Jamar
Anita
657
Armani
Carol
658
Cruz
Alivia
659
Keshawn
Kari
660
Marcel
Sheila
661
Rylan
Allyssa
662
Marquez
Celina
663
Stuart
Estrella
664
Dion
Halie
665
Gunner
Kyleigh
666
Hudson
Tracy
667
Raphael
Alexandrea
668
Dwight
Anissa
669
Easton
Bridgette
670
Tristian
Juliette
671
Anton
Shaina
672
Dimitri
Rocio
673
Elisha
Tiffani
674
Quinten
Brook
675
Brenton
Brielle
676
Hassan
Aleah
677
Roland
Helena
678
Silas
Stephany
679
Amari
Jayda
680
Frankie
Selina
681
Lamar
Chantel
682
Raekwon
Maura
683
Estevan
Lizette
684
Sammy
Joyce
685
Asher
Darby
686
Carlton
Susana
687
Brayan
Jazlyn
688
Davonte
Rachelle
689
Donavan
Yvonne
690
Jarvis
Yadira
691
Jaxon
Dulce
692
Daryl
Sally
693
Tyrek
Chanel
694
Zion
Jaqueline
695
Clifton
Calista
696
Jorden
Kasandra
697
Jameson
Madisen
698
Kelly
Janessa
699
Shamar
Esperanza
700
Zechariah
Macie
701
Cornelius
Gwendolyn
702
Elvis
Shea
703
Korey
Damaris
704
Chaz
Kenzie
705
Justyn
Loren
706
Talon
Rebeca
707
Guadalupe
Eliana
708
Courtney
Stefanie
709
Declan
Dorothy
710
Dylon
Janice
711
Rashawn
Karley
712
Arnold
Alize
713
Shayne
Elissa
714
Cristopher
Jeanette
715
Maximillian
Katlin
716
Trever
Bonnie
717
Kirk
Lori
718
Justus
Misty
719
Antwan
Norma
720
Reynaldo
Brynn
721
Jefferson
Kallie
722
Kent
Kayli
723
Santos
Ayana
724
Houston
Arlene
725
Muhammad
Kaela
726
Nestor
Kristy
727
Remington
Brittani
728
Brooks
Christiana
729
Savion
Juanita
730
Baby
Anika
731
Lamont
Carson
732
Clark
Amani
733
Deondre
Michele
734
Layne
Caitlynn
735
Alonso
Leila
736
Jairo
Aylin
737
Raheem
Hana
738
Darrin
Leilani
739
Glen
Mikala
740
Misael
Daria
741
Jarett
Kaelyn
742
Kamron
Shirley
743
Reuben
Shyann
744
Dallin
Nataly
745
Fred
Gretchen
746
Milton
Itzel
747
Kole
Mariam
748
Jamel
Tea
749
Ulysses
Ansley
750
Junior
Devyn
751
Madison
Marley
752
Jadon
Alessandra
753
Ladarius
Kori
754
Tyrique
Yolanda
755
Josef
Dallas
756
Brandan
Antoinette
757
Colt
Giovanna
758
German
Raegan
759
Cortez
Daphne
760
Jacoby
Berenice
761
Winston
Elyse
762
Elmer
Jaden
763
Guy
Quinn
764
Don
Dasia
765
Neal
Kaci
766
Vernon
Yasmeen
767
Zakary
Alena
768
Duane
Annette
769
Nash
Kaylynn
770
Tahj
Alex
771
Dequan
Fabiola
772
Hugh
Jenifer
773
Paris
Alysa
774
Terence
Jacklyn
775
Tyriq
Joselyn
776
Bradly
Shelbie
777
Clint
Drew
778
Jackie
Erykah
779
Darin
Leanne
780
Tracy
Makala
781
Julien
Kelley
782
Alden
Sonya
783
Denver
Dejah
784
Rohan
Yessenia
785
Titus
Dalia
786
Demarco
Myah
787
Hakeem
Breanne
788
Lonnie
Reanna
789
Adonis
Trisha
790
Bernardo
Alysha
791
Brandyn
Jesse
792
Asa
Melina
793
Axel
Princess
794
Gino
Ali
795
Greyson
Nayeli
796
Herbert
Liana
797
Kellen
Nadine
798
Keyshawn
Silvia
799
Octavio
Kalie
800
Chaim
Katlynn
801
Destin
Tasia
802
Jordy
Elyssa
803
Maverick
Lilian
804
Pierre
Madilyn
805
Jean
Cecelia
806
Deshaun
Dawn
807
Khalid
Jill
808
Myron
Bryana
809
Deion
Emerald
810
Thaddeus
Kalyn
811
Donnie
Kaycee
812
Javonte
Shaylee
813
Keven
Camila
814
Kristofer
Kaylah
815
Raymundo
Magdalena
816
Ellis
Tatianna
817
Jaleel
Felicity
818
Kevon
Ireland
819
Turner
Sarina
820
Montana
Tamera
821
Tyreek
Myranda
822
Dontae
Starr
823
Efren
Katerina
824
Grady
Lara
825
Jamari
Blair
826
Aubrey
Gabriel
827
Nehemiah
Haylie
828
Nick
Katy
829
Freddie
Kristi
830
Marques
Ashanti
831
Antony
Darlene
832
Bo
Kinsey
833
Bradford
Scarlett
834
Davin
Valentina
835
Ibrahim
Hayden
836
Aric
Joelle
837
Gerard
Roxanne
838
Landen
Shana
839
Simeon
Tammy
840
Dakotah
Demi
841
Darrion
Serenity
842
Dillion
Skyla
843
Kordell
Suzanne
844
Marcelo
Anya
845
Tyquan
Daija
846
Emmett
Dianna
847
Heriberto
Patience
848
Kelton
Sydnie
849
Omari
Keri
850
Prince
Tristan
851
Benny
Willow
852
Izaiah
Asha
853
Jamarcus
Aubree
854
Alexandro
Charlene
855
Cale
Emilia
856
Trystan
Jana
857
Jaren
Tanisha
858
Kalen
Jasmyn
859
Mikel
Layla
860
Raven
Shakira
861
Tavian
Adrian
862
Arron
Delia
863
Jacquez
Unique
864
Tyron
Rita
865
Dewayne
Ashly
866
Dominik
Connie
867
Emerson
Hillary
868
Samir
Lucero
869
Vaughn
Noel
870
Alessandro
Shauna
871
Anderson
Jacey
872
Ari
Rochelle
873
Benito
Jaida
874
Bronson
Lillie
875
Garett
Octavia
876
Josh
Daisha
877
Sonny
Delilah
878
Auston
Jena
879
Brant
Kendal
880
Jayce
Maeve
881
Jimmie
Marianna
882
Lincoln
Sydni
883
Nasir
Alysia
884
Rick
Jocelyne
885
Shelby
Jayden
886
Alton
Savana
887
Kyree
Iliana
888
Nico
Lourdes
889
Seamus
Odalis
890
Tyshawn
Reina
891
Fidel
Joanne
892
Lloyd
Kirstin
893
Draven
Ashlie
894
Tyrik
Cali
895
Brennon
Ingrid
896
Abdullah
Marcella
897
Andreas
Shelbi
898
Blaise
Abigayle
899
Gonzalo
Baby
900
Jaylan
Jaelyn
901
Johnnie
Odalys
902
Jordi
Stevie
903
Markel
Rhianna
904
Rickey
Shianne
905
Markell
Stella
906
Phoenix
Violet
907
Reilly
Kelsea
908
Brannon
Ayla
909
Dario
Jodi
910
Jerrod
Sade
911
Robin
America
912
Giancarlo
Lacy
913
Jacques
Maci
914
Lionel
Amira
915
Jabari
Jazmyne
916
Paxton
Justina
917
Jalon
Maricela
918
Royce
Myra
919
Ryder
Cydney
920
Alexandre
Alycia
921
Hernan
Eryn
922
Mekhi
Haven
923
Augustus
Martina
924
Clyde
Shae
925
Devonta
Armani
926
Gregorio
Vanesa
927
Kennedy
Zoie
928
Reagan
Lila
929
Shemar
Monika
930
Branson
Alia
931
Jelani
Eve
932
Matteo
Breonna
933
Darrian
Mattie
934
Domenic
Beatrice
935
Giovanny
Beverly
936
Hans
Constance
937
Herman
Harmony
938
Jerod
Catalina
939
Johan
Hazel
940
Kerry
Katia
941
Abram
Kortney
942
Hamza
Marlee
943
Rex
Marlena
944
Infant
Corina
945
Najee
Elisha
946
Chauncey
Brionna
947
Keagan
Lexis
948
Nathen
Nautica
949
Niko
Destany
950
Dan
Kameron
951
Ishmael
Alyssia
952
Jamil
Breann
953
Nikhil
Caleigh
954
Rico
Chase
955
Taj
Yazmin
956
Brycen
Abril
957
Isidro
Deasia
958
Luciano
Serina
959
Vincenzo
Jessika
960
Bishop
Melisa
961
Isai
Shanice
962
Jovani
Fernanda
963
Jovany
Hadley
964
Miguelangel
Janette
965
Rasheed
Yajaira
966
Dejuan
Kaylan
967
Jensen
Lia
968
Nicklaus
Lizeth
969
Abdul
Chaya
970
Broderick
Janie
971
Deontae
Kia
972
Keanu
Star
973
Kenton
Audra
974
Loren
Ivana
975
Rahul
Jayme
976
Babyboy
Kenia
977
Tarik
Kerri
978
Valentin
Paloma
979
Darrien
Ryann
980
Floyd
Bobbi
981
Genaro
Leeann
982
Kenyon
Cori
983
Keyon
Debra
984
Rocky
Kaylen
985
Syed
Shantel
986
Amos
Tayla
987
Christion
Jensen
988
Francesco
Presley
989
Leland
Samara
990
Stewart
Alexys
991
Trevin
Eboni
992
Barrett
Jaycee
993
Carlo
Judy
994
Judah
Kennedi
995
Kale
Jayde
996
Killian
Raina
997
Konnor
Elsa
998
Kylan
Hollie
999
