2002
Jacob
Emily
1
Michael
Madison
2
Joshua
Hannah
3
Matthew
Emma
4
Ethan
Alexis
5
Andrew
Ashley
6
Joseph
Abigail
7
Christopher
Sarah
8
Nicholas
Samantha
9
Daniel
Olivia
10
William
Elizabeth
11
Anthony
Alyssa
12
David
Lauren
13
Tyler
Isabella
14
Alexander
Grace
15
Ryan
Jessica
16
John
Brianna
17
James
Taylor
18
Zachary
Kayla
19
Brandon
Anna
20
Jonathan
Victoria
21
Justin
Megan
22
Dylan
Sydney
23
Christian
Rachel
24
Samuel
Chloe
25
Austin
Jasmine
26
Benjamin
Sophia
27
Nathan
Jennifer
28
Logan
Morgan
29
Jose
Natalie
30
Noah
Kaitlyn
31
Gabriel
Hailey
32
Kevin
Julia
33
Robert
Destiny
34
Caleb
Haley
35
Thomas
Katherine
36
Jordan
Nicole
37
Hunter
Alexandra
38
Cameron
Savannah
39
Kyle
Maria
40
Elijah
Stephanie
41
Jason
Mackenzie
42
Jack
Mia
43
Aaron
Allison
44
Isaiah
Jordan
45
Luke
Amanda
46
Connor
Jenna
47
Isaac
Faith
48
Angel
Makayla
49
Jackson
Paige
50
Brian
Mary
51
Eric
Brooke
52
Mason
Katelyn
53
Juan
Rebecca
54
Adam
Madeline
55
Evan
Andrea
56
Luis
Kaylee
57
Charles
Michelle
58
Sean
Sara
59
Aidan
Zoe
60
Gavin
Kylie
61
Alex
Sierra
62
Nathaniel
Kimberly
63
Bryan
Aaliyah
64
Carlos
Amber
65
Jesus
Gabrielle
66
Ian
Caroline
67
Steven
Vanessa
68
Cole
Alexa
69
Timothy
Trinity
70
Cody
Danielle
71
Seth
Erin
72
Adrian
Autumn
73
Devin
Shelby
74
Lucas
Angelina
75
Blake
Riley
76
Richard
Gabriella
77
Julian
Jada
78
Patrick
Lily
79
Sebastian
Melissa
80
Trevor
Jacqueline
81
Chase
Ava
82
Dominic
Angela
83
Jared
Bailey
84
Antonio
Isabel
85
Jeremiah
Jade
86
Jaden
Leah
87
Miguel
Courtney
88
Xavier
Ella
89
Jesse
Maya
90
Garrett
Leslie
91
Alejandro
Jocelyn
92
Mark
Ariana
93
Owen
Melanie
94
Jeremy
Claire
95
Hayden
Lillian
96
Bryce
Christina
97
Diego
Evelyn
98
Riley
Marissa
99
Victor
Audrey
100
Jayden
Catherine
101
Jake
Briana
102
Tristan
Katie
103
Kenneth
Breanna
104
Carson
Alexandria
105
Marcus
Laura
106
Carter
Molly
107
Dakota
Kathryn
108
Jorge
Amy
109
Spencer
Angel
110
Tanner
Isabelle
111
Kaleb
Sofia
112
Liam
Daniela
113
Stephen
Arianna
114
Henry
Ashanti
115
Colin
Gabriela
116
Dalton
Diana
117
Paul
Kelsey
118
Wyatt
Kelly
119
Edward
Madelyn
120
Oscar
Alicia
121
Vincent
Lindsey
122
Joel
Caitlin
123
Brendan
Jillian
124
Colby
Mikayla
125
Parker
Cassandra
126
Grant
Cheyenne
127
Colton
Alexia
128
Maxwell
Margaret
129
Shane
Mariah
130
George
Cassidy
131
Jeffrey
Avery
132
Eduardo
Lizbeth
133
Peter
Ana
134
Aiden
Sabrina
135
Ivan
Kennedy
136
Nicolas
Lydia
137
Brayden
Daisy
138
Derek
Amelia
139
Gage
Skylar
140
Francisco
Tiffany
141
Landon
Adriana
142
Ricardo
Mckenzie
143
Travis
Erica
144
Cristian
Mya
145
Jalen
Angelica
146
Brady
Miranda
147
Collin
Caitlyn
148
Bradley
Sophie
149
Alan
Karen
150
Omar
Summer
151
Shawn
Brooklyn
152
Caden
Gracie
153
Josiah
Crystal
154
Preston
Jordyn
155
Erik
Kiara
156
Javier
Valerie
157
Andres
Ashlyn
158
Fernando
Heather
159
Devon
Hope
160
Alexis
Kylee
161
Cesar
Alondra
162
Damian
Gianna
163
Manuel
Jamie
164
Max
Abby
165
Jonah
Erika
166
Levi
Karina
167
Braden
Bianca
168
Gregory
Naomi
169
Johnathan
Brittany
170
Mario
Juliana
171
Nolan
Veronica
172
Kaden
Natalia
173
Micah
Meghan
174
Edgar
Karla
175
Mitchell
Cynthia
176
Raymond
Mckenna
177
Clayton
Chelsea
178
Edwin
Bethany
179
Trenton
Monica
180
Corey
Delaney
181
Erick
Payton
182
Wesley
Jasmin
183
Emmanuel
Shannon
184
Scott
Julianna
185
Sergio
Kristen
186
Marco
Kyla
187
Roberto
Peyton
188
Dustin
Maggie
189
Taylor
Nevaeh
190
Donovan
Alejandra
191
Martin
Hayley
192
Dawson
Kate
193
Hector
Hanna
194
Cooper
Aubrey
195
Conner
Kendall
196
Eli
Valeria
197
Brett
Makenzie
198
Harrison
Reagan
199
Ashton
Ellie
200
Dillon
Rylee
201
Giovanni
Michaela
202
Jakob
Aliyah
203
Abraham
Charlotte
204
Peyton
Esmeralda
205
Alec
Carly
206
Cade
Diamond
207
Andy
Ruby
208
Andre
Jazmin
209
Malachi
Jayla
210
Malik
Rebekah
211
Damien
Sadie
212
Trey
Brenda
213
Ty
Desiree
214
Jaylen
Ariel
215
Frank
Nadia
216
Drew
Giselle
217
Elias
Julie
218
Ruben
Kaitlin
219
Josue
Addison
220
Calvin
Macy
221
Zane
Adrianna
222
Skyler
Kara
223
Dominick
Claudia
224
Pedro
Alana
225
Phillip
Kyra
226
Ronald
Kendra
227
Griffin
Genesis
228
Bryson
Jazmine
229
Leonardo
Alison
230
Trent
Holly
231
Rafael
Elena
232
Chance
Nancy
233
Gerardo
Allyson
234
Derrick
Savanna
235
Johnny
Britney
236
Darius
Raven
237
Chandler
Elise
238
Miles
Eva
239
Raul
Joanna
240
Casey
Makenna
241
Simon
Jaden
242
Armando
Nina
243
Kobe
Serena
244
Avery
Guadalupe
245
Allen
Fatima
246
Marcos
Selena
247
Keith
Haylee
248
Troy
Vivian
249
Enrique
Camryn
250
Israel
Katelynn
251
Donald
Cierra
252
Keegan
Mallory
253
Zackary
April
254
Payton
Lindsay
255
Julio
Cameron
256
Dante
Mariana
257
Jaime
Cindy
258
Brenden
Liliana
259
Kameron
Kathleen
260
Lance
Wendy
261
Alberto
Lucy
262
Philip
Nayeli
263
Brock
Josephine
264
Gustavo
Anastasia
265
Drake
Asia
266
Jimmy
Camille
267
Oliver
Zoey
268
Jonathon
Cecilia
269
Danny
Kassandra
270
Fabian
Yesenia
271
Louis
Skyler
272
Mathew
Kristina
273
Brennan
Ashleigh
274
Cory
Sandra
275
Kai
Heaven
276
Kyler
Kira
277
Angelo
Kirsten
278
Brody
Patricia
279
Dennis
Katrina
280
Jace
Josie
281
Marc
Amaya
282
Tony
Kailey
283
Gary
Miriam
284
Camden
Priscilla
285
Roman
Tori
286
Jerry
Tatiana
287
Arturo
Bridget
288
Saul
Layla
289
Damon
Serenity
290
Curtis
Carolina
291
Corbin
Madeleine
292
Randy
Mercedes
293
Emanuel
Tessa
294
Pablo
Tara
295
Tucker
Jayden
296
Lorenzo
Kiana
297
Albert
Rachael
298
Lane
Melody
299
Theodore
Casey
300
Myles
Alissa
301
Darren
Esther
302
Alfredo
Christine
303
Bryant
Natasha
304
Douglas
Carmen
305
Larry
Clara
306
Tyson
Lauryn
307
Grayson
Celeste
308
Chad
Alaina
309
Jaxon
Paola
310
Quinn
India
311
Joe
Bryanna
312
Axel
Halle
313
Maximus
Shayla
314
Tristen
Annie
315
Melvin
Alexus
316
Lukas
Brittney
317
Nickolas
Imani
318
Ramon
Eleanor
319
Ali
Nia
320
Santiago
Denise
321
Ayden
Heidi
322
Ernesto
Dakota
323
Zachery
Kayleigh
324
Bailey
Sidney
325
Maximilian
Anne
326
Arthur
Marisa
327
Russell
Brenna
328
Kristopher
Logan
329
Braxton
Annabelle
330
Walter
Rose
331
Jayson
Emilee
332
Zion
Lilly
333
Justice
Daniella
334
Jay
Callie
335
Moises
Ciara
336
Esteban
Dana
337
Emilio
Ruth
338
Ismael
Kassidy
339
Leo
Helen
340
Dallas
Rosa
341
Tommy
Clarissa
342
Salvador
Cristina
343
Ricky
Harley
344
Lawrence
Kamryn
345
Marvin
Annika
346
Ezekiel
Fiona
347
Micheal
Ashlynn
348
Camron
Deanna
349
Carl
Whitney
350
Reece
Jadyn
351
Quentin
Yasmin
352
Mauricio
Ashlee
353
Abel
Jenny
354
Mateo
Hallie
355
Brayan
Madalyn
356
Jaheim
Meredith
357
Isiah
Kristin
358
Nikolas
Anahi
359
Amir
Dominique
360
Braeden
Eliza
361
Jeffery
Lisa
362
Brent
Paulina
363
Jamal
Elisabeth
364
Deandre
Eden
365
Jon
Carolyn
366
Kade
Talia
367
Marshall
Sasha
368
Hugo
Virginia
369
Branden
Laila
370
Rodney
Allie
371
Dean
Julissa
372
Morgan
Hailee
373
Orlando
Tamara
374
Jaiden
Kaylie
375
Cayden
Teresa
376
Jarrett
Tiana
377
Maurice
Ashton
378
Craig
Georgia
379
Terry
Alayna
380
Weston
Gloria
381
Chris
Iris
382
Skylar
Marina
383
Eddie
Angie
384
Kolby
Aniya
385
Reese
Carla
386
Roger
Linda
387
Conor
Gillian
388
Jaylin
Jayda
389
Keaton
Tabitha
390
Davis
Raquel
391
Kody
Tatum
392
Rodrigo
Emely
393
Trevon
Eliana
394
Felix
Krystal
395
Kelvin
Regan
396
Zachariah
Genevieve
397
Jessie
Marisol
398
Jaylon
Kaitlynn
399
Bobby
Kiley
400
Brendon
Noelle
401
Shaun
Justice
402
Julius
Lexi
403
Ahmad
Ivy
404
Guillermo
Lesly
405
Javon
Baylee
406
Walker
Francesca
407
Aldo
Alisha
408
Zackery
Monique
409
Graham
America
410
Quinton
Tania
411
Holden
Aniyah
412
Nelson
Izabella
413
Issac
Gina
414
Johnathon
Perla
415
Jadon
Jane
416
Charlie
Katlyn
417
Clay
Madisyn
418
Osvaldo
Renee
419
Dorian
Carissa
420
Rene
Haleigh
421
Demetrius
Deja
422
Khalil
Precious
423
Billy
Martha
424
Desmond
Sage
425
Malcolm
Malia
426
Reginald
Bella
427
Frederick
Cheyanne
428
Nasir
Marie
429
Quincy
Alivia
430
Silas
Jessie
431
Damion
Amari
432
Harley
Alina
433
Blaine
Kaleigh
434
Davion
Aurora
435
Elliot
Jaqueline
436
Willie
Phoebe
437
Jonas
Tia
438
Declan
Kyleigh
439
Roy
Rylie
440
Ezra
Itzel
441
Terrance
Leilani
442
Sam
Madyson
443
Adan
Alice
444
Bennett
Alyson
445
Gerald
Skye
446
Reid
Viviana
447
Jermaine
Piper
448
Kenny
Gisselle
449
Noel
Leila
450
Uriel
Meagan
451
Felipe
Nyla
452
Tyrese
Ainsley
453
Steve
Camila
454
Nathanael
Mckayla
455
Tate
Fernanda
456
Kristian
Janet
457
Dane
Emilie
458
Emiliano
Jacquelyn
459
Solomon
Karissa
460
Kendall
Yasmine
461
Tomas
Brooklynn
462
Alvin
Reese
463
Noe
Paris
464
Triston
Johanna
465
Aden
Cora
466
Bruce
Taryn
467
Wilson
Nora
468
Todd
Shania
469
Cyrus
Abbey
470
Franklin
Lacey
471
Amari
Ayanna
472
Moses
Krista
473
Terrell
Macie
474
Rylan
Susan
475
Toby
Ellen
476
Landen
Kaylin
477
Allan
Joy
478
Rogelio
Kiersten
479
Darian
Cara
480
Hudson
Kiera
481
Cedric
Janelle
482
Jasper
Liberty
483
Jaquan
Abbigail
484
Asher
Anya
485
Byron
Tamia
486
Duncan
Araceli
487
Tristin
Carley
488
Jerome
Destinee
489
Stanley
Mikaela
490
Kendrick
Kasey
491
Leon
Alanna
492
Reed
Dulce
493
Alfonso
Kierra
494
Dale
Ryleigh
495
Joaquin
Elisa
496
Francis
Angelique
497
Sawyer
Brandy
498
Dayton
Maddison
499
Coby
Stella
500
Marquis
Litzy
501
Kayden
Mayra
502
Mohamed
Athena
503
Rodolfo
Willow
504
Ramiro
Kaley
505
Beau
Charity
506
Tyrone
Jaiden
507
Ahmed
Lorena
508
Joey
Anika
509
Johan
Larissa
510
Marlon
Kailee
511
Deven
Sharon
512
Ariel
Theresa
513
Randall
Tiara
514
Devan
Pamela
515
Braydon
Irene
516
Lee
Sarai
517
Rohan
Sylvia
518
Trace
Madelynn
519
Pierce
Janae
520
Harry
Ann
521
Gilberto
Miracle
522
Alonzo
Raegan
523
Luca
Tyler
524
Jaydon
Lucia
525
Kaiden
Bailee
526
Warren
Brandi
527
Jamie
Elaina
528
Jude
Jaclyn
529
Ross
Ryan
530
Mohammad
Sonia
531
Tobias
Abbie
532
Zander
Maia
533
Elliott
Kelsie
534
Omarion
Rhiannon
535
Rolando
Shakira
536
Tyrell
Jaelyn
537
Wade
Marlene
538
Wayne
Cassie
539
Easton
Aileen
540
Jayce
Joselyn
541
Leonel
Marilyn
542
Ulises
Emilia
543
Mekhi
Alma
544
Xander
Lena
545
Darrell
Simone
546
Ben
Colleen
547
Eugene
Jimena
548
Will
Kaya
549
Addison
Felicity
550
Isaias
Kali
551
Ronnie
Kaila
552
Jarod
Kenya
553
Kieran
Melina
554
Jordon
Lexie
555
Coleman
Aspen
556
Gunnar
Eve
557
Terrence
Nataly
558
Vicente
Barbara
559
Ezequiel
Deborah
560
Colten
Hunter
561
Leonard
Carlie
562
Deshawn
Lesley
563
Izaiah
Isis
564
Rudy
Maritza
565
Adolfo
Aimee
566
Jamari
Madilyn
567
Kolton
Chasity
568
Romeo
Daphne
569
Garret
Tanya
570
Mohammed
Edith
571
Savion
Hailie
572
Tyree
Adrienne
573
Neil
Macey
574
Sage
Julianne
575
Dominique
Gwendolyn
576
Dominik
Justine
577
Alvaro
Arielle
578
Koby
Felicia
579
Jaxson
Shyanne
580
Efrain
Ally
581
Ray
Brynn
582
Brennen
Haylie
583
Orion
Kaia
584
Jaron
Reyna
585
Harold
Lilian
586
Keenan
Zaria
587
Sterling
Judith
588
Everett
Kailyn
589
Ernest
Zoie
590
Gilbert
Nathalie
591
Davon
Juliette
592
Humberto
Luz
593
Lewis
Noemi
594
Salvatore
Clare
595
Rashad
Janiya
596
Mike
Tianna
597
Agustin
Annette
598
Titus
Helena
599
Donte
Kaylyn
600
Elisha
Savanah
601
Jett
Juliet
602
Darryl
Valentina
603
Yahir
Chelsey
604
Brice
Ximena
605
Dashawn
Esperanza
606
Julien
Thalia
607
Lincoln
Mara
608
Karl
Tatyana
609
Darien
Hayden
610
Kole
Violet
611
River
Skyla
612
Grady
Elle
613
Dwayne
Tess
614
Jamar
Nyah
615
Phoenix
Breana
616
Glenn
Jolie
617
Cullen
Lila
618
Kadin
Paula
619
Jameson
Frances
620
Alonso
Hana
621
Jairo
Jazlyn
622
Jair
Lisbeth
623
Kareem
Teagan
624
Keon
Laney
625
Antoine
Cristal
626
Elvis
Jaida
627
Quintin
Regina
628
Ralph
Aisha
629
Devonte
Marley
630
Junior
Alisa
631
Moshe
Amya
632
Cristopher
Haven
633
Davin
Lara
634
Nathanial
Isabela
635
Gunner
Rosemary
636
Roderick
Antonia
637
Ignacio
Alessandra
638
Kane
Elaine
639
Cruz
Karli
640
Freddy
Keely
641
Keshawn
Micah
642
Aron
Nya
643
Jamison
Yadira
644
Irvin
Carlee
645
Justus
Leticia
646
Judah
Janessa
647
Talon
Toni
648
Shamar
Kaelyn
649
Anton
Nichole
650
Jagger
Celia
651
Nehemiah
Kaiya
652
Kamron
Lillie
653
Markus
Carina
654
Zechariah
Aracely
655
Alfred
Cayla
656
Derick
Corinne
657
Ibrahim
Kenzie
658
Muhammad
Mollie
659
Garrison
Sydnee
660
Marquise
Halie
661
Stefan
Stacy
662
Anderson
Karlee
663
August
Sienna
664
Devyn
Lea
665
Nigel
Anaya
666
Daquan
Eileen
667
Rhett
Lana
668
Kurt
Tina
669
Asa
Harmony
670
Reynaldo
Mariam
671
Heath
Stephany
672
Josh
Laurel
673
Gordon
Amani
674
Keyshawn
Donna
675
Sidney
Mariela
676
Donavan
Ansley
677
Karson
Ebony
678
Caiden
Leanna
679
Raphael
Tyra
680
Kellen
Kelli
681
Jarred
Ayana
682
Zakary
Jewel
683
Alijah
Montana
684
Porter
Melany
685
Sheldon
Monserrat
686
Howard
Taliyah
687
Rigoberto
Adeline
688
Layne
Jazmyn
689
Octavio
Lizeth
690
Clarence
Tayler
691
Darnell
Giovanna
692
Deon
Kathy
693
Jean
Kianna
694
Milton
Presley
695
Misael
Brisa
696
Dillan
Estefania
697
Emmett
Arely
698
Jaylan
Desirae
699
Rory
Bria
700
Brodie
Chaya
701
Jabari
Estrella
702
Demarcus
Joyce
703
Greyson
Karlie
704
Jefferson
Kennedi
705
Kenyon
Jenifer
706
Omari
Aubree
707
Denzel
Shayna
708
Maximillian
Delilah
709
Gianni
Maeve
710
Alessandro
Brielle
711
Ari
Annabella
712
Darion
Ciera
713
Jaeden
Lia
714
Alexandro
Penelope
715
Keyon
Tierra
716
Nico
Blanca
717
Amarion
Yvette
718
Dandre
Destiney
719
Draven
Myah
720
Gael
Shyann
721
Kevon
Ingrid
722
Keagan
Casandra
723
Ryder
Damaris
724
Santos
Quinn
725
Isai
Sheila
726
Clinton
Katarina
727
Gaven
Maci
728
Gonzalo
Aleah
729
Camren
Alena
730
Lamar
Annalise
731
Jarrod
Maribel
732
Geoffrey
Kayley
733
Brycen
Margarita
734
Roland
Aria
735
Korey
Shaniya
736
Brooks
Sydni
737
Tariq
Candace
738
Dallin
Kasandra
739
Dangelo
Nikki
740
Jahiem
Aliya
741
Shannon
Cecelia
742
Cale
Gia
743
Conrad
Lyric
744
Frankie
Alize
745
Thaddeus
Abigayle
746
Xzavier
Janice
747
Brad
Katelin
748
Braiden
Marianna
749
Quinten
Micaela
750
Semaj
Iyana
751
Abdullah
Yazmin
752
Waylon
Carrie
753
Austyn
Lola
754
Baby
Greta
755
Bernard
Susana
756
Stephan
Frida
757
Alexzander
Nicolette
758
German
Salma
759
Hamza
Sandy
760
Kelton
Amira
761
Perry
Arlene
762
Rocco
Evelin
763
Giancarlo
Dayana
764
Hassan
Parker
765
Jacoby
Elyse
766
Ronaldo
Hazel
767
Sincere
Lexus
768
Travon
Stacey
769
Emerson
Devin
770
Guadalupe
Liana
771
Reagan
Mattie
772
Armani
Christian
773
Cael
Makena
774
Elmer
Reilly
775
Jaren
Kellie
776
Joan
Calista
777
Jovan
Anissa
778
Khalid
Celine
779
Antony
Kaliyah
780
Bruno
Shaylee
781
Darin
Destini
782
Shea
Kayli
783
Gideon
Maura
784
Tristian
Aiyana
785
Darrius
Kacie
786
Dimitri
Kaylynn
787
Jamel
Lilliana
788
Winston
Elissa
789
Deonte
Jaylin
790
Javion
Amara
791
Jorden
Karly
792
Matteo
Ayla
793
Blaze
Dasia
794
Estevan
Catalina
795
Jovani
Iliana
796
Reuben
Joslyn
797
Tre
Kendal
798
Maverick
Carson
799
Seamus
Shea
800
Blaise
Taniya
801
Finn
Jacey
802
Heriberto
Belen
803
Isaak
Lizette
804
Clark
Rocio
805
Keanu
Scarlett
806
Milo
Fabiola
807
Destin
Alysa
808
Jordy
Jamya
809
Norman
Katharine
810
Chaz
Kenna
811
Leroy
Gretchen
812
Sonny
Rayna
813
Ulysses
Annabel
814
Korbin
Aryanna
815
Dexter
Jaliyah
816
Elian
Aliza
817
Rowan
Ashly
818
Braedon
Cali
819
Deangelo
Christy
820
Reilly
Elsa
821
Austen
Ericka
822
Ronan
Jalyn
823
Justyn
Jaycee
824
Trevion
Raina
825
Treyton
Tracy
826
Stone
Diane
827
Adrien
Celina
828
Dion
Kenia
829
Fredrick
Robyn
830
Nick
Devon
831
Sammy
Emerson
832
Brenton
Emmalee
833
Earl
Miah
834
Tylor
Denisse
835
Yosef
Danna
836
Keven
Jasmyn
837
Kurtis
Savana
838
Samir
Abigale
839
Augustus
London
840
Clifford
Jaidyn
841
Lawson
Berenice
842
Paxton
Madisen
843
Vance
Bryana
844
Dario
Essence
845
Abram
Christiana
846
Bernardo
Kaylah
847
Jakobe
Robin
848
Kennedy
Vanesa
849
Nestor
Kourtney
850
Deshaun
Makaila
851
Forrest
Moriah
852
Josef
Alia
853
Marcel
Carol
854
Nathen
Jaime
855
Colt
Keyla
856
Kian
Christa
857
Tavion
Meadow
858
Barry
Princess
859
Gavyn
Rianna
860
Shayne
Mireya
861
Cornelius
Roxana
862
Domenic
Anita
863
Hugh
Brianne
864
Aditya
Giana
865
Benny
Beatriz
866
Adonis
Jaylynn
867
Bret
Patience
868
Cordell
Tristan
869
Stuart
Selina
870
Aryan
Carli
871
Jadyn
Dorothy
872
Kylan
Joana
873
London
Sally
874
Marcelo
Hadley
875
Nash
Sarahi
876
Trever
Rebeca
877
Fred
Shirley
878
Houston
Alexandrea
879
Irving
Jailyn
880
Lamont
Priscila
881
Latrell
Abagail
882
Remington
Noelia
883
Kelly
Maleah
884
Oswaldo
Shreya
885
Efren
Kallie
886
Tyshawn
Elyssa
887
Chaim
Sarina
888
Jaheem
Ashtyn
889
Nikhil
Dylan
890
Samson
Lyndsey
891
Glen
Kya
892
Layton
Sky
893
Pranav
Dalia
894
Zaire
Darlene
895
Arnold
Jana
896
Malakai
Shawna
897
Daryl
Jayde
898
Fidel
Madalynn
899
Javen
Yuliana
900
Lisandro
Armani
901
Alden
Jakayla
902
Darwin
Maegan
903
Kale
Maliyah
904
Santino
Saige
905
Lonnie
Sonya
906
Dylon
Reanna
907
Ellis
Samira
908
Ethen
Alexys
909
Raymundo
Devyn
910
Stephon
Kelsi
911
Carlton
Sade
912
Duane
Sydnie
913
Giovanny
Jalynn
914
Jan
Marlee
915
Adriel
Myra
916
Gino
Joelle
917
Haden
Rachelle
918
Zain
Yessenia
919
Barrett
Akira
920
Luciano
Isabell
921
Marquez
Meaghan
922
Mitchel
Norma
923
Rey
Rita
924
Turner
Samara
925
Vernon
Unique
926
Zavier
Candice
927
Gaige
Graciela
928
Guy
Kalyn
929
Luc
Paloma
930
Maximo
Taya
931
Rickey
Galilea
932
Rylee
Kaela
933
Vaughn
Melinda
934
Antwan
Journey
935
Cason
Katy
936
Darrin
Yvonne
937
Jamil
Anjali
938
Kasey
Aylin
939
Rahul
Breonna
940
Aubrey
Keira
941
Darrion
Mandy
942
Eliseo
Ryann
943
Mustafa
Baby
944
Jamir
Janie
945
Jevon
Amina
946
Mikel
Jaylene
947
Pierre
Mina
948
Kent
Miya
949
Neal
Dania
950
Sabastian
Darby
951
Syed
Luisa
952
Trystan
Odalys
953
Bilal
Deasia
954
Eddy
Riya
955
Gannon
Karley
956
Jaquez
Estefany
957
Kyree
Iyanna
958
Maxim
Cadence
959
Arjun
Citlali
960
Jarvis
Kiya
961
Jovany
Allyssa
962
Bradyn
Alysha
963
Carlo
Ireland
964
Dontae
Marcella
965
Jase
Chana
966
Zayne
Trista
967
Clifton
Dianna
968
Cortez
Jaylyn
969
Shemar
Jena
970
Dwight
Aja
971
Kory
Alycia
972
Devante
Jaquelin
973
Herbert
Yolanda
974
Kirk
Alex
975
Osbaldo
Kari
976
Trevin
Libby
977
Zack
Nyasia
978
Freddie
Abril
979
Garett
Brionna
980
Jeff
Aubrie
981
Kristofer
Lina
982
Prince
Loren
983
Bo
Magdalena
984
Cristobal
Sheridan
985
Eliezer
Estefani
986
Giovani
Keeley
987
Immanuel
Maryam
988
Ryley
Chandler
989
Sullivan
Jazmyne
990
Lloyd
Jeanette
991
Jovanni
Yareli
992
Niko
Jackeline
993
Alton
Johana
994
Ean
Juana
995
Mariano
Kristine
996
Raven
Amiya
997
Yousef
Katerina
998
Don
Caitlynn
999
